Archive member included to satisfy reference by file (symbol)

m:/atmelstudio/7.0/toolchain/avr8/avr8-gnu-toolchain/bin/../lib/gcc/avr/5.4.0/../../../../avr/lib/avr5\libm.a(addsf3.o)
                              Minimu9V5.o (__addsf3)
m:/atmelstudio/7.0/toolchain/avr8/avr8-gnu-toolchain/bin/../lib/gcc/avr/5.4.0/../../../../avr/lib/avr5\libm.a(addsf3x.o)
                              m:/atmelstudio/7.0/toolchain/avr8/avr8-gnu-toolchain/bin/../lib/gcc/avr/5.4.0/../../../../avr/lib/avr5\libm.a(addsf3.o) (__addsf3x)
m:/atmelstudio/7.0/toolchain/avr8/avr8-gnu-toolchain/bin/../lib/gcc/avr/5.4.0/../../../../avr/lib/avr5\libm.a(divsf3.o)
                              Minimu9V5.o (__divsf3)
m:/atmelstudio/7.0/toolchain/avr8/avr8-gnu-toolchain/bin/../lib/gcc/avr/5.4.0/../../../../avr/lib/avr5\libm.a(divsf3x.o)
                              m:/atmelstudio/7.0/toolchain/avr8/avr8-gnu-toolchain/bin/../lib/gcc/avr/5.4.0/../../../../avr/lib/avr5\libm.a(divsf3.o) (__divsf3x)
m:/atmelstudio/7.0/toolchain/avr8/avr8-gnu-toolchain/bin/../lib/gcc/avr/5.4.0/../../../../avr/lib/avr5\libm.a(fixsfsi.o)
                              Minimu9V5.o (__fixsfsi)
m:/atmelstudio/7.0/toolchain/avr8/avr8-gnu-toolchain/bin/../lib/gcc/avr/5.4.0/../../../../avr/lib/avr5\libm.a(fixunssfsi.o)
                              m:/atmelstudio/7.0/toolchain/avr8/avr8-gnu-toolchain/bin/../lib/gcc/avr/5.4.0/../../../../avr/lib/avr5\libm.a(fixsfsi.o) (__fixunssfsi)
m:/atmelstudio/7.0/toolchain/avr8/avr8-gnu-toolchain/bin/../lib/gcc/avr/5.4.0/../../../../avr/lib/avr5\libm.a(floatsisf.o)
                              Minimu9V5.o (__floatsisf)
m:/atmelstudio/7.0/toolchain/avr8/avr8-gnu-toolchain/bin/../lib/gcc/avr/5.4.0/../../../../avr/lib/avr5\libm.a(fp_inf.o)
                              m:/atmelstudio/7.0/toolchain/avr8/avr8-gnu-toolchain/bin/../lib/gcc/avr/5.4.0/../../../../avr/lib/avr5\libm.a(addsf3x.o) (__fp_inf)
m:/atmelstudio/7.0/toolchain/avr8/avr8-gnu-toolchain/bin/../lib/gcc/avr/5.4.0/../../../../avr/lib/avr5\libm.a(fp_nan.o)
                              m:/atmelstudio/7.0/toolchain/avr8/avr8-gnu-toolchain/bin/../lib/gcc/avr/5.4.0/../../../../avr/lib/avr5\libm.a(addsf3x.o) (__fp_nan)
m:/atmelstudio/7.0/toolchain/avr8/avr8-gnu-toolchain/bin/../lib/gcc/avr/5.4.0/../../../../avr/lib/avr5\libm.a(fp_pscA.o)
                              m:/atmelstudio/7.0/toolchain/avr8/avr8-gnu-toolchain/bin/../lib/gcc/avr/5.4.0/../../../../avr/lib/avr5\libm.a(addsf3x.o) (__fp_pscA)
m:/atmelstudio/7.0/toolchain/avr8/avr8-gnu-toolchain/bin/../lib/gcc/avr/5.4.0/../../../../avr/lib/avr5\libm.a(fp_pscB.o)
                              m:/atmelstudio/7.0/toolchain/avr8/avr8-gnu-toolchain/bin/../lib/gcc/avr/5.4.0/../../../../avr/lib/avr5\libm.a(addsf3x.o) (__fp_pscB)
m:/atmelstudio/7.0/toolchain/avr8/avr8-gnu-toolchain/bin/../lib/gcc/avr/5.4.0/../../../../avr/lib/avr5\libm.a(fp_round.o)
                              m:/atmelstudio/7.0/toolchain/avr8/avr8-gnu-toolchain/bin/../lib/gcc/avr/5.4.0/../../../../avr/lib/avr5\libm.a(addsf3.o) (__fp_round)
m:/atmelstudio/7.0/toolchain/avr8/avr8-gnu-toolchain/bin/../lib/gcc/avr/5.4.0/../../../../avr/lib/avr5\libm.a(fp_split3.o)
                              m:/atmelstudio/7.0/toolchain/avr8/avr8-gnu-toolchain/bin/../lib/gcc/avr/5.4.0/../../../../avr/lib/avr5\libm.a(addsf3x.o) (__fp_split3)
m:/atmelstudio/7.0/toolchain/avr8/avr8-gnu-toolchain/bin/../lib/gcc/avr/5.4.0/../../../../avr/lib/avr5\libm.a(fp_zero.o)
                              m:/atmelstudio/7.0/toolchain/avr8/avr8-gnu-toolchain/bin/../lib/gcc/avr/5.4.0/../../../../avr/lib/avr5\libm.a(addsf3x.o) (__fp_zero)
m:/atmelstudio/7.0/toolchain/avr8/avr8-gnu-toolchain/bin/../lib/gcc/avr/5.4.0/../../../../avr/lib/avr5\libm.a(mulsf3.o)
                              Minimu9V5.o (__mulsf3)
m:/atmelstudio/7.0/toolchain/avr8/avr8-gnu-toolchain/bin/../lib/gcc/avr/5.4.0/../../../../avr/lib/avr5\libm.a(mulsf3x.o)
                              m:/atmelstudio/7.0/toolchain/avr8/avr8-gnu-toolchain/bin/../lib/gcc/avr/5.4.0/../../../../avr/lib/avr5\libm.a(mulsf3.o) (__mulsf3x)
m:/atmelstudio/7.0/toolchain/avr8/avr8-gnu-toolchain/bin/../lib/gcc/avr/5.4.0/avr5\libgcc.a(_mulsi3.o)
                              PID.o (__mulsi3)
m:/atmelstudio/7.0/toolchain/avr8/avr8-gnu-toolchain/bin/../lib/gcc/avr/5.4.0/avr5\libgcc.a(_divmodhi4.o)
                              Stepper.o (__divmodhi4)
m:/atmelstudio/7.0/toolchain/avr8/avr8-gnu-toolchain/bin/../lib/gcc/avr/5.4.0/avr5\libgcc.a(_divmodsi4.o)
                              Encoder.o (__divmodsi4)
m:/atmelstudio/7.0/toolchain/avr8/avr8-gnu-toolchain/bin/../lib/gcc/avr/5.4.0/avr5\libgcc.a(_negsi2.o)
                              m:/atmelstudio/7.0/toolchain/avr8/avr8-gnu-toolchain/bin/../lib/gcc/avr/5.4.0/avr5\libgcc.a(_divmodsi4.o) (__negsi2)
m:/atmelstudio/7.0/toolchain/avr8/avr8-gnu-toolchain/bin/../lib/gcc/avr/5.4.0/avr5\libgcc.a(_exit.o)
[...]
Memory Configuration

Name             Origin             Length             Attributes
text             0x00000000         0x00020000         xr
data             0x00800060         0x0000ffa0         rw !x
eeprom           0x00810000         0x00010000         rw !x
fuse             0x00820000         0x00000003         rw !x
lock             0x00830000         0x00000400         rw !x
signature        0x00840000         0x00000400         rw !x
user_signatures  0x00850000         0x00000400         rw !x
*default*        0x00000000         0xffffffff

Linker script and memory map

Address of section .data set to 0x800100
LOAD M:/AtmelStudio/7.0/Packs/atmel/ATmega_DFP/1.3.300/gcc/dev/atmega32u4/avr5/crtatmega32u4.o
LOAD DCMotor.o
LOAD Encoder.o
LOAD ExtInt.o
LOAD I2CInstruction.o
LOAD Millis.o
LOAD Minimu9V5.o
LOAD PID.o
LOAD I2C.o
LOAD ShiftReg.o
LOAD Stepper.o
LOAD Test.o
LOAD Descriptors.o
LOAD LUFA/Drivers/Board/Temperature.o
LOAD LUFA/Drivers/Peripheral/AVR8/Serial_AVR8.o
LOAD LUFA/Drivers/Peripheral/AVR8/TWI_AVR8.o
LOAD LUFA/Drivers/Peripheral/XMEGA/Serial_XMEGA.o
LOAD LUFA/Drivers/Peripheral/XMEGA/TWI_XMEGA.o
LOAD LUFA/Drivers/USB/Class/Common/HIDParser.o
LOAD LUFA/Drivers/USB/Class/Device/AudioClassDevice.o
LOAD LUFA/Drivers/USB/Class/Device/CCIDClassDevice.o
LOAD LUFA/Drivers/USB/Class/Device/CDCClassDevice.o
LOAD LUFA/Drivers/USB/Class/Device/HIDClassDevice.o
LOAD LUFA/Drivers/USB/Class/Device/MassStorageClassDevice.o
LOAD LUFA/Drivers/USB/Class/Device/MIDIClassDevice.o
LOAD LUFA/Drivers/USB/Class/Device/PrinterClassDevice.o
LOAD LUFA/Drivers/USB/Class/Device/RNDISClassDevice.o
LOAD LUFA/Drivers/USB/Class/Host/AndroidAccessoryClassHost.o
LOAD LUFA/Drivers/USB/Class/Host/AudioClassHost.o
LOAD LUFA/Drivers/USB/Class/Host/CDCClassHost.o
LOAD LUFA/Drivers/USB/Class/Host/HIDClassHost.o
LOAD LUFA/Drivers/USB/Class/Host/MassStorageClassHost.o
LOAD LUFA/Drivers/USB/Class/Host/MIDIClassHost.o
LOAD LUFA/Drivers/USB/Class/Host/PrinterClassHost.o
LOAD LUFA/Drivers/USB/Class/Host/RNDISClassHost.o
LOAD LUFA/Drivers/USB/Class/Host/StillImageClassHost.o
LOAD LUFA/Drivers/USB/Core/AVR8/Device_AVR8.o
LOAD LUFA/Drivers/USB/Core/AVR8/EndpointStream_AVR8.o
LOAD LUFA/Drivers/USB/Core/AVR8/Endpoint_AVR8.o
LOAD LUFA/Drivers/USB/Core/AVR8/Host_AVR8.o
LOAD LUFA/Drivers/USB/Core/AVR8/PipeStream_AVR8.o
LOAD LUFA/Drivers/USB/Core/AVR8/Pipe_AVR8.o
LOAD LUFA/Drivers/USB/Core/AVR8/Template/Template_Endpoint_Control_R.o
LOAD LUFA/Drivers/USB/Core/AVR8/Template/Template_Endpoint_Control_W.o
LOAD LUFA/Drivers/USB/Core/AVR8/Template/Template_Endpoint_RW.o
LOAD LUFA/Drivers/USB/Core/AVR8/Template/Template_Pipe_RW.o
LOAD LUFA/Drivers/USB/Core/AVR8/USBController_AVR8.o
LOAD LUFA/Drivers/USB/Core/AVR8/USBInterrupt_AVR8.o
LOAD LUFA/Drivers/USB/Core/ConfigDescriptors.o
LOAD LUFA/Drivers/USB/Core/DeviceStandardReq.o
LOAD LUFA/Drivers/USB/Core/Events.o
LOAD LUFA/Drivers/USB/Core/HostStandardReq.o
LOAD LUFA/Drivers/USB/Core/USBTask.o
LOAD LUFA/Platform/UC3/Exception.o
LOAD LUFA/Platform/UC3/InterruptManagement.o
LOAD Usart.o
LOAD VirtualSerial.o
LOAD VL6180XDist.o
START GROUP
LOAD m:/atmelstudio/7.0/toolchain/avr8/avr8-gnu-toolchain/bin/../lib/gcc/avr/5.4.0/../../../../avr/lib/avr5\libm.a
END GROUP
START GROUP
LOAD m:/atmelstudio/7.0/toolchain/avr8/avr8-gnu-toolchain/bin/../lib/gcc/avr/5.4.0/avr5\libgcc.a
LOAD m:/atmelstudio/7.0/toolchain/avr8/avr8-gnu-toolchain/bin/../lib/gcc/avr/5.4.0/../../../../avr/lib/avr5\libm.a
LOAD m:/atmelstudio/7.0/toolchain/avr8/avr8-gnu-toolchain/bin/../lib/gcc/avr/5.4.0/../../../../avr/lib/avr5\libc.a
LOAD M:/AtmelStudio/7.0/Packs/atmel/ATmega_DFP/1.3.300/gcc/dev/atmega32u4/avr5\libatmega32u4.a
END GROUP
                0x00000000                __TEXT_REGION_ORIGIN__ = DEFINED (__TEXT_REGION_ORIGIN__)?__TEXT_REGION_ORIGIN__:0x0
                0x00800060                __DATA_REGION_ORIGIN__ = DEFINED (__DATA_REGION_ORIGIN__)?__DATA_REGION_ORIGIN__:0x800060
                0x00020000                __TEXT_REGION_LENGTH__ = DEFINED (__TEXT_REGION_LENGTH__)?__TEXT_REGION_LENGTH__:0x20000
                0x0000ffa0                __DATA_REGION_LENGTH__ = DEFINED (__DATA_REGION_LENGTH__)?__DATA_REGION_LENGTH__:0xffa0
                0x00010000                __EEPROM_REGION_LENGTH__ = DEFINED (__EEPROM_REGION_LENGTH__)?__EEPROM_REGION_LENGTH__:0x10000
                [0x00000003]                __FUSE_REGION_LENGTH__ = DEFINED (__FUSE_REGION_LENGTH__)?__FUSE_REGION_LENGTH__:0x400
                0x00000400                __LOCK_REGION_LENGTH__ = DEFINED (__LOCK_REGION_LENGTH__)?__LOCK_REGION_LENGTH__:0x400
                0x00000400                __SIGNATURE_REGION_LENGTH__ = DEFINED (__SIGNATURE_REGION_LENGTH__)?__SIGNATURE_REGION_LENGTH__:0x400
                0x00000400                __USER_SIGNATURE_REGION_LENGTH__ = DEFINED (__USER_SIGNATURE_REGION_LENGTH__)?__USER_SIGNATURE_REGION_LENGTH__:0x400

.hash
 *(.hash)

.dynsym
 *(.dynsym)

.dynstr
 *(.dynstr)

.gnu.version
 *(.gnu.version)

.gnu.version_d
 *(.gnu.version_d)

.gnu.version_r
 *(.gnu.version_r)

.rel.init
 *(.rel.init)

.rela.init
 *(.rela.init)

.rel.text
 *(.rel.text)
 *(.rel.text.*)
 *(.rel.gnu.linkonce.t*)

.rela.text
 *(.rela.text)
 *(.rela.text.*)
 *(.rela.gnu.linkonce.t*)

.rel.fini
 *(.rel.fini)

.rela.fini
 *(.rela.fini)

.rel.rodata
 *(.rel.rodata)
 *(.rel.rodata.*)
 *(.rel.gnu.linkonce.r*)

.rela.rodata
 *(.rela.rodata)
 *(.rela.rodata.*)
 *(.rela.gnu.linkonce.r*)

.rel.data
 *(.rel.data)
 *(.rel.data.*)
 *(.rel.gnu.linkonce.d*)

.rela.data
 *(.rela.data)
 *(.rela.data.*)
 *(.rela.gnu.linkonce.d*)

.rel.ctors
 *(.rel.ctors)

.rela.ctors
 *(.rela.ctors)

.rel.dtors
 *(.rel.dtors)

.rela.dtors
 *(.rela.dtors)

.rel.got
 *(.rel.got)

.rela.got
 *(.rela.got)

.rel.bss
 *(.rel.bss)

.rela.bss
 *(.rela.bss)

.rel.plt
 *(.rel.plt)

.rela.plt
 *(.rela.plt)

.text           0x00000000     0x3048
 *(.vectors)
 .vectors       0x00000000       0xac M:/AtmelStudio/7.0/Packs/atmel/ATmega_DFP/1.3.300/gcc/dev/atmega32u4/avr5/crtatmega32u4.o
                0x00000000                __vector_default
                0x00000000                __vectors
 *(.vectors)
 *(.progmem.gcc*)
 .progmem.gcc_sw_table.I2CHandle
                0x000000ac       0xa2 I2C.o
 .progmem.gcc_sw_table.USB_Device_ProcessControlRequest
                0x0000014e       0x14 LUFA/Drivers/USB/Core/DeviceStandardReq.o
                0x00000162                . = ALIGN (0x2)
                0x00000162                __trampolines_start = .
 *(.trampolines)
 .trampolines   0x00000162        0x0 linker stubs
 *(.trampolines*)
                0x00000162                __trampolines_end = .
 *libprintf_flt.a:*(.progmem.data)
 *libc.a:*(.progmem.data)
 *(.progmem*)
 .progmem.data.ProductString
                0x00000162       0x1e Descriptors.o
                0x00000162                ProductString
 .progmem.data.ManufacturerString
                0x00000180       0x1c Descriptors.o
                0x00000180                ManufacturerString
 .progmem.data.LanguageString
                0x0000019c        0x4 Descriptors.o
                0x0000019c                LanguageString
 .progmem.data.ConfigurationDescriptor
                0x000001a0       0x3e Descriptors.o
                0x000001a0                ConfigurationDescriptor
 .progmem.data.DeviceDescriptor
                0x000001de       0x12 Descriptors.o
                0x000001de                DeviceDescriptor
                0x000001f0                . = ALIGN (0x2)
 *(.jumptables)
 *(.jumptables*)
 *(.lowtext)
 *(.lowtext*)
                0x000001f0                __ctors_start = .
 *(.ctors)
                0x000001f0                __ctors_end = .
                0x000001f0                __dtors_start = .
 *(.dtors)
                0x000001f0                __dtors_end = .
 SORT(*)(.ctors)
 SORT(*)(.dtors)
 *(.init0)
 .init0         0x000001f0        0x0 M:/AtmelStudio/7.0/Packs/atmel/ATmega_DFP/1.3.300/gcc/dev/atmega32u4/avr5/crtatmega32u4.o
                0x000001f0                __init
 *(.init0)
 *(.init1)
 *(.init1)
 *(.init2)
 .init2         0x000001f0        0xc M:/AtmelStudio/7.0/Packs/atmel/ATmega_DFP/1.3.300/gcc/dev/atmega32u4/avr5/crtatmega32u4.o
 *(.init2)
 *(.init3)
 *(.init3)
 *(.init4)
 .init4         0x000001fc       0x16 m:/atmelstudio/7.0/toolchain/avr8/avr8-gnu-toolchain/bin/../lib/gcc/avr/5.4.0/avr5\libgcc.a(_copy_data.o)
                0x000001fc                __do_copy_data
 .init4         0x00000212       0x10 m:/atmelstudio/7.0/toolchain/avr8/avr8-gnu-toolchain/bin/../lib/gcc/avr/5.4.0/avr5\libgcc.a(_clear_bss.o)
                0x00000212                __do_clear_bss
 *(.init4)
 *(.init5)
 *(.init5)
 *(.init6)
 *(.init6)
 *(.init7)
 *(.init7)
 *(.init8)
 *(.init8)
 *(.init9)
 .init9         0x00000222        0x8 M:/AtmelStudio/7.0/Packs/atmel/ATmega_DFP/1.3.300/gcc/dev/atmega32u4/avr5/crtatmega32u4.o
 *(.init9)
 *(.text)
 .text          0x0000022a        0x4 M:/AtmelStudio/7.0/Packs/atmel/ATmega_DFP/1.3.300/gcc/dev/atmega32u4/avr5/crtatmega32u4.o
                0x0000022a                __vector_38
                0x0000022a                __vector_22
                0x0000022a                __vector_28
                0x0000022a                __vector_1
                0x0000022a                __vector_34
                0x0000022a                __vector_24
                0x0000022a                __vector_12
                0x0000022a                __bad_interrupt
                0x0000022a                __vector_6
                0x0000022a                __vector_31
                0x0000022a                __vector_35
                0x0000022a                __vector_39
                0x0000022a                __vector_3
                0x0000022a                __vector_23
                0x0000022a                __vector_30
                0x0000022a                __vector_13
                0x0000022a                __vector_19
                0x0000022a                __vector_41
                0x0000022a                __vector_5
                0x0000022a                __vector_33
                0x0000022a                __vector_37
                0x0000022a                __vector_4
                0x0000022a                __vector_2
                0x0000022a                __vector_15
                0x0000022a                __vector_29
                0x0000022a                __vector_40
                0x0000022a                __vector_8
                0x0000022a                __vector_26
                0x0000022a                __vector_14
                0x0000022a                __vector_16
                0x0000022a                __vector_18
                0x0000022a                __vector_20
                0x0000022a                __vector_42
                0x0000022e                . = ALIGN (0x2)
 *(.text.*)
 .text.getLeftMotorDir
                0x0000022e       0x10 DCMotor.o
                0x0000022e                getLeftMotorDir
 .text.getRightMotorDir
                0x0000023e       0x12 DCMotor.o
                0x0000023e                getRightMotorDir
 .text.setLeftMotorDir
                0x00000250       0x20 DCMotor.o
                0x00000250                setLeftMotorDir
 .text.setRightMotorDir
                0x00000270       0x20 DCMotor.o
                0x00000270                setRightMotorDir
 .text.setMotorDir
                0x00000290       0x22 DCMotor.o
                0x00000290                setMotorDir
 .text.setLeftMotorPWR
                0x000002b2       0x12 DCMotor.o
                0x000002b2                setLeftMotorPWR
 .text.setRightMotorPWR
                0x000002c4       0x12 DCMotor.o
                0x000002c4                setRightMotorPWR
 .text.setMotorPWR
                0x000002d6       0x2a DCMotor.o
                0x000002d6                setMotorPWR
 .text.motorTimerInit
                0x00000300       0x22 DCMotor.o
                0x00000300                motorTimerInit
 .text.dcMotorInit
                0x00000322       0x28 DCMotor.o
                0x00000322                dcMotorInit
 .text.__vector_9
                0x0000034a      0x10c Encoder.o
                0x0000034a                __vector_9
 .text.resetLeftDist
                0x00000456       0x12 Encoder.o
                0x00000456                resetLeftDist
 .text.resetRightDist
                0x00000468       0x12 Encoder.o
                0x00000468                resetRightDist
 .text.resetDists
                0x0000047a        0xa Encoder.o
                0x0000047a                resetDists
 .text.getLeftDistAccurate
                0x00000484       0x12 Encoder.o
                0x00000484                getLeftDistAccurate
 .text.getRightDistAccurate
                0x00000496       0x12 Encoder.o
                0x00000496                getRightDistAccurate
 .text.encoderInit
                0x000004a8       0x2c Encoder.o
                0x000004a8                encoderInit
 .text.__vector_7
                0x000004d4       0x74 ExtInt.o
                0x000004d4                __vector_7
 .text.I2CInstrGetFull
                0x00000548       0x18 I2CInstruction.o
                0x00000548                I2CInstrGetFull
 .text.I2CInstrGetEmpty
                0x00000560       0x16 I2CInstruction.o
                0x00000560                I2CInstrGetEmpty
 .text.moveToNextInstruction
                0x00000576       0x76 I2CInstruction.o
                0x00000576                moveToNextInstruction
 .text.getCurrentInstruction
                0x000005ec       0x1a I2CInstruction.o
                0x000005ec                getCurrentInstruction
 .text.addInstruction
                0x00000606       0x9a I2CInstruction.o
                0x00000606                addInstruction
 .text.__vector_21
                0x000006a0       0x2e Millis.o
                0x000006a0                __vector_21
 .text.getLastOVF
                0x000006ce        0xa Millis.o
                0x000006ce                getLastOVF
 .text.getMillis
                0x000006d8        0xa Millis.o
                0x000006d8                getMillis
 .text.millisTimerInit
                0x000006e2       0x1c Millis.o
                0x000006e2                millisTimerInit
 .text.updateHeading
                0x000006fe       0xba Minimu9V5.o
                0x000006fe                updateHeading
 .text.addReadGyroZInstr
                0x000007b8       0x32 Minimu9V5.o
                0x000007b8                addReadGyroZInstr
 .text.addReadIMUwhoAmI
                0x000007ea       0x32 Minimu9V5.o
                0x000007ea                addReadIMUwhoAmI
 .text.IMUinit  0x0000081c       0x50 Minimu9V5.o
                0x0000081c                IMUinit
 .text.minimu9V5Task
                0x0000086c       0x80 Minimu9V5.o
                0x0000086c                minimu9V5Task
 .text.magInit  0x000008ec       0x20 Minimu9V5.o
                0x000008ec                magInit
 .text.minimu9V5Init
                0x0000090c       0x18 Minimu9V5.o
                0x0000090c                minimu9V5Init
 .text.getMotionState
                0x00000924        0xa PID.o
                0x00000924                getMotionState
 .text.stopMoving
                0x0000092e       0x22 PID.o
                0x0000092e                stopMoving
 .text.startMovingBackwards
                0x00000950       0x22 PID.o
                0x00000950                startMovingBackwards
 .text.startMovingStraight
                0x00000972       0x22 PID.o
                0x00000972                startMovingStraight
 .text.startLeftTurn
                0x00000994       0x26 PID.o
                0x00000994                startLeftTurn
 .text.startRightTurn
                0x000009ba       0x26 PID.o
                0x000009ba                startRightTurn
 .text.turnRight
                0x000009e0       0x20 PID.o
                0x000009e0                turnRight
 .text.turnLeft
                0x00000a00       0x20 PID.o
                0x00000a00                turnLeft
 .text.moveStraight
                0x00000a20       0x26 PID.o
                0x00000a20                moveStraight
 .text.moveBackwards
                0x00000a46       0x26 PID.o
                0x00000a46                moveBackwards
 .text.updateMotionState
                0x00000a6c      0x13e PID.o
                0x00000a6c                updateMotionState
 .text.equalizeSpeedsStraight
                0x00000baa       0xbc PID.o
                0x00000baa                equalizeSpeedsStraight
 .text.avoidWallsBackward
                0x00000c66       0x9e PID.o
                0x00000c66                avoidWallsBackward
 .text.avoidWallsForward
                0x00000d04       0xa0 PID.o
                0x00000d04                avoidWallsForward
 .text.updateMotors
                0x00000da4       0x20 PID.o
                0x00000da4                updateMotors
 .text.motionTask
                0x00000dc4       0x16 PID.o
                0x00000dc4                motionTask
 .text.getSensorDataPtr
                0x00000dda        0xe I2C.o
                0x00000dda                getSensorDataPtr
 .text.getSensorData
                0x00000de8       0x1e I2C.o
                0x00000de8                getSensorData
 .text.getSensorShouldReadPtr
                0x00000e06        0xe I2C.o
                0x00000e06                getSensorShouldReadPtr
 .text.getSensorShouldRead
                0x00000e14       0x14 I2C.o
                0x00000e14                getSensorShouldRead
 .text.getSensorDeviceAddress
                0x00000e28       0x14 I2C.o
                0x00000e28                getSensorDeviceAddress
 .text.setSensorData
                0x00000e3c       0x14 I2C.o
                0x00000e3c                setSensorData
 .text.setSensorShouldRead
                0x00000e50       0x12 I2C.o
                0x00000e50                setSensorShouldRead
 .text.clearSensorShouldRead
                0x00000e62       0x12 I2C.o
                0x00000e62                clearSensorShouldRead
 .text.setSensorDeviceAddress
                0x00000e74       0x12 I2C.o
                0x00000e74                setSensorDeviceAddress
 .text.I2CHandle
                0x00000e86      0x1b8 I2C.o
                0x00000e86                I2CHandle
 .text.__vector_36
                0x0000103e       0x48 I2C.o
                0x0000103e                __vector_36
 .text.I2CTask  0x00001086       0x1e I2C.o
                0x00001086                I2CTask
 .text.I2CInit  0x000010a4        0xe I2C.o
                0x000010a4                I2CInit
 .text.shiftInBit
                0x000010b2       0x28 ShiftReg.o
                0x000010b2                shiftInBit
 .text.shiftRegInit
                0x000010da       0x28 ShiftReg.o
                0x000010da                shiftRegInit
 .text.fullStepLeft
                0x00001102       0x7c Stepper.o
                0x00001102                fullStepLeft
 .text.__vector_17
                0x0000117e       0x4c Stepper.o
                0x0000117e                __vector_17
 .text.fullStepRight
                0x000011ca       0x7c Stepper.o
                0x000011ca                fullStepRight
 .text.__vector_32
                0x00001246       0x4c Stepper.o
                0x00001246                __vector_32
 .text.main     0x00001292      0x1d4 Test.o
                0x00001292                main
 .text.CALLBACK_USB_GetDescriptor
                0x00001466       0x78 Descriptors.o
                0x00001466                CALLBACK_USB_GetDescriptor
 .text.CDC_Device_ConfigureEndpoints
                0x000014de       0x4a LUFA/Drivers/USB/Class/Device/CDCClassDevice.o
                0x000014de                CDC_Device_ConfigureEndpoints
 .text.CDC_Device_Flush
                0x00001528       0x66 LUFA/Drivers/USB/Class/Device/CDCClassDevice.o
                0x00001528                CDC_Device_Flush
 .text.CDC_Device_USBTask
                0x0000158e       0x32 LUFA/Drivers/USB/Class/Device/CDCClassDevice.o
                0x0000158e                CDC_Device_USBTask
 .text.CDC_Device_Event_Stub
                0x000015c0        0x2 LUFA/Drivers/USB/Class/Device/CDCClassDevice.o
                0x000015c0                CDC_Device_Event_Stub
                0x000015c0                EVENT_CDC_Device_LineEncodingChanged
 .text.CDC_Device_Event_Stub_2
                0x000015c2        0x2 LUFA/Drivers/USB/Class/Device/CDCClassDevice.o
                0x000015c2                EVENT_CDC_Device_BreakSent
                0x000015c2                CDC_Device_Event_Stub_2
 .text.CDC_Device_ProcessControlRequest
                0x000015c4      0x14e LUFA/Drivers/USB/Class/Device/CDCClassDevice.o
                0x000015c4                CDC_Device_ProcessControlRequest
 .text.Endpoint_Write_Control_Stream_LE
                0x00001712      0x108 LUFA/Drivers/USB/Core/AVR8/EndpointStream_AVR8.o
                0x00001712                Endpoint_Write_Control_Stream_LE
 .text.Endpoint_Write_Control_PStream_LE
                0x0000181a      0x10a LUFA/Drivers/USB/Core/AVR8/EndpointStream_AVR8.o
                0x0000181a                Endpoint_Write_Control_PStream_LE
 .text.Endpoint_ConfigureEndpoint_Prv
                0x00001924       0xcc LUFA/Drivers/USB/Core/AVR8/Endpoint_AVR8.o
                0x00001924                Endpoint_ConfigureEndpoint_Prv
 .text.Endpoint_ConfigureEndpointTable
                0x000019f0       0xa0 LUFA/Drivers/USB/Core/AVR8/Endpoint_AVR8.o
                0x000019f0                Endpoint_ConfigureEndpointTable
 .text.Endpoint_ClearStatusStage
                0x00001a90       0x48 LUFA/Drivers/USB/Core/AVR8/Endpoint_AVR8.o
                0x00001a90                Endpoint_ClearStatusStage
 .text.Endpoint_WaitUntilReady
                0x00001ad8       0x82 LUFA/Drivers/USB/Core/AVR8/Endpoint_AVR8.o
                0x00001ad8                Endpoint_WaitUntilReady
 .text.__vector_10
                0x00001b5a      0x198 LUFA/Drivers/USB/Core/AVR8/USBInterrupt_AVR8.o
                0x00001b5a                __vector_10
 .text.__vector_11
                0x00001cf2       0xa2 LUFA/Drivers/USB/Core/AVR8/USBInterrupt_AVR8.o
                0x00001cf2                __vector_11
 .text.USB_Device_ProcessControlRequest
                0x00001d94      0x2f2 LUFA/Drivers/USB/Core/DeviceStandardReq.o
                0x00001d94                USB_Device_ProcessControlRequest
 .text.USB_Event_Stub
                0x00002086        0x2 LUFA/Drivers/USB/Core/Events.o
                0x00002086                USB_Event_Stub
                0x00002086                EVENT_USB_Device_Suspend
                0x00002086                EVENT_USB_Device_StartOfFrame
                0x00002086                EVENT_USB_Device_Reset
                0x00002086                EVENT_USB_Device_WakeUp
 .text.USB_USBTask
                0x00002088       0x36 LUFA/Drivers/USB/Core/USBTask.o
                0x00002088                USB_USBTask
 .text.addByteToUsartWriteBuffer
                0x000020be       0x52 Usart.o
                0x000020be                addByteToUsartWriteBuffer
 .text.addStringToUsartWriteBuffer
                0x00002110       0x1e Usart.o
                0x00002110                addStringToUsartWriteBuffer
 .text.__vector_25
                0x0000212e       0x50 Usart.o
                0x0000212e                __vector_25
 .text.__vector_27
                0x0000217e       0x76 Usart.o
                0x0000217e                __vector_27
 .text.usartInit
                0x000021f4       0x1e Usart.o
                0x000021f4                usartInit
 .text.usartTask
                0x00002212       0x5c Usart.o
                0x00002212                usartTask
 .text.vsTask   0x0000226e        0xe VirtualSerial.o
                0x0000226e                vsTask
 .text.EVENT_USB_Device_Connect
                0x0000227c        0x2 VirtualSerial.o
                0x0000227c                EVENT_USB_Device_Connect
 .text.EVENT_USB_Device_Disconnect
                0x0000227e        0x2 VirtualSerial.o
                0x0000227e                EVENT_USB_Device_Disconnect
 .text.EVENT_USB_Device_ConfigurationChanged
                0x00002280        0xa VirtualSerial.o
                0x00002280                EVENT_USB_Device_ConfigurationChanged
 .text.EVENT_USB_Device_ControlRequest
                0x0000228a        0xa VirtualSerial.o
                0x0000228a                EVENT_USB_Device_ControlRequest
 .text.EVENT_CDC_Device_ControLineStateChanged
                0x00002294        0x2 VirtualSerial.o
                0x00002294                EVENT_CDC_Device_ControLineStateChanged
 .text.getDistSensorDist
                0x00002296       0x10 VL6180XDist.o
                0x00002296                getDistSensorDist
 .text.VL6180XInit
                0x000022a6      0x164 VL6180XDist.o
                0x000022a6                VL6180XInit
 .text.VL6180XAddReadInstruction
                0x0000240a       0x52 VL6180XDist.o
                0x0000240a                VL6180XAddReadInstruction
 .text.VL6180XCheckForRangeData
                0x0000245c       0x3c VL6180XDist.o
                0x0000245c                VL6180XCheckForRangeData
 .text.VL6180XInterruptTask
                0x00002498       0x1c VL6180XDist.o
                0x00002498                VL6180XInterruptTask
 .text.VL6180XCheckForFailures
                0x000024b4       0x5e VL6180XDist.o
                0x000024b4                VL6180XCheckForFailures
 .text.VL6180XTask
                0x00002512       0xc8 VL6180XDist.o
                0x00002512                VL6180XTask
 .text.avr-libc.fplib
                0x000025da        0xe m:/atmelstudio/7.0/toolchain/avr8/avr8-gnu-toolchain/bin/../lib/gcc/avr/5.4.0/../../../../avr/lib/avr5\libm.a(addsf3.o)
                0x000025da                __subsf3
                0x000025dc                __addsf3
 .text.avr-libc.fplib
                0x000025e8       0xcc m:/atmelstudio/7.0/toolchain/avr8/avr8-gnu-toolchain/bin/../lib/gcc/avr/5.4.0/../../../../avr/lib/avr5\libm.a(addsf3x.o)
                0x0000260a                __addsf3x
 .text.avr-libc.fplib
                0x000026b4        0x8 m:/atmelstudio/7.0/toolchain/avr8/avr8-gnu-toolchain/bin/../lib/gcc/avr/5.4.0/../../../../avr/lib/avr5\libm.a(divsf3.o)
                0x000026b4                __divsf3
 .text.avr-libc.fplib
                0x000026bc       0xdc m:/atmelstudio/7.0/toolchain/avr8/avr8-gnu-toolchain/bin/../lib/gcc/avr/5.4.0/../../../../avr/lib/avr5\libm.a(divsf3x.o)
                0x000026dc                __divsf3x
                0x000026e2                __divsf3_pse
 .text.avr-libc.fplib
                0x00002798       0x7a m:/atmelstudio/7.0/toolchain/avr8/avr8-gnu-toolchain/bin/../lib/gcc/avr/5.4.0/../../../../avr/lib/avr5\libm.a(floatsisf.o)
                0x00002798                __floatunsisf
                0x0000279c                __floatsisf
 .text.avr-libc.fplib
                0x00002812        0xc m:/atmelstudio/7.0/toolchain/avr8/avr8-gnu-toolchain/bin/../lib/gcc/avr/5.4.0/../../../../avr/lib/avr5\libm.a(fp_inf.o)
                0x00002812                __fp_inf
 .text.avr-libc.fplib
                0x0000281e        0x6 m:/atmelstudio/7.0/toolchain/avr8/avr8-gnu-toolchain/bin/../lib/gcc/avr/5.4.0/../../../../avr/lib/avr5\libm.a(fp_nan.o)
                0x0000281e                __fp_nan
 .text.avr-libc.fplib
                0x00002824        0xe m:/atmelstudio/7.0/toolchain/avr8/avr8-gnu-toolchain/bin/../lib/gcc/avr/5.4.0/../../../../avr/lib/avr5\libm.a(fp_pscA.o)
                0x00002824                __fp_pscA
 .text.avr-libc.fplib
                0x00002832        0xe m:/atmelstudio/7.0/toolchain/avr8/avr8-gnu-toolchain/bin/../lib/gcc/avr/5.4.0/../../../../avr/lib/avr5\libm.a(fp_pscB.o)
                0x00002832                __fp_pscB
 .text.avr-libc.fplib
                0x00002840       0x22 m:/atmelstudio/7.0/toolchain/avr8/avr8-gnu-toolchain/bin/../lib/gcc/avr/5.4.0/../../../../avr/lib/avr5\libm.a(fp_round.o)
                0x00002840                __fp_round
 .text.avr-libc.fplib
                0x00002862       0x44 m:/atmelstudio/7.0/toolchain/avr8/avr8-gnu-toolchain/bin/../lib/gcc/avr/5.4.0/../../../../avr/lib/avr5\libm.a(fp_split3.o)
                0x00002862                __fp_split3
                0x00002872                __fp_splitA
 .text.avr-libc.fplib
                0x000028a6        0xe m:/atmelstudio/7.0/toolchain/avr8/avr8-gnu-toolchain/bin/../lib/gcc/avr/5.4.0/../../../../avr/lib/avr5\libm.a(fp_zero.o)
                0x000028a6                __fp_zero
                0x000028a8                __fp_szero
 .text.avr-libc.fplib
                0x000028b4        0x8 m:/atmelstudio/7.0/toolchain/avr8/avr8-gnu-toolchain/bin/../lib/gcc/avr/5.4.0/../../../../avr/lib/avr5\libm.a(mulsf3.o)
                0x000028b4                __mulsf3
 .text.avr-libc.fplib
                0x000028bc       0xd2 m:/atmelstudio/7.0/toolchain/avr8/avr8-gnu-toolchain/bin/../lib/gcc/avr/5.4.0/../../../../avr/lib/avr5\libm.a(mulsf3x.o)
                0x000028da                __mulsf3x
                0x000028e0                __mulsf3_pse
 .text.libgcc.mul
                0x0000298e       0x20 m:/atmelstudio/7.0/toolchain/avr8/avr8-gnu-toolchain/bin/../lib/gcc/avr/5.4.0/avr5\libgcc.a(_mulsi3.o)
                0x0000298e                __mulsi3
 .text.libgcc.div
                0x000029ae       0x2e m:/atmelstudio/7.0/toolchain/avr8/avr8-gnu-toolchain/bin/../lib/gcc/avr/5.4.0/avr5\libgcc.a(_divmodsi4.o)
                0x000029ae                __divmodsi4
 .text.libgcc.div
                0x000029dc       0x10 m:/atmelstudio/7.0/toolchain/avr8/avr8-gnu-toolchain/bin/../lib/gcc/avr/5.4.0/avr5\libgcc.a(_negsi2.o)
                0x000029dc                __negsi2
 .text.libgcc   0x000029ec        0xc m:/atmelstudio/7.0/toolchain/avr8/avr8-gnu-toolchain/bin/../lib/gcc/avr/5.4.0/avr5\libgcc.a(_tablejump2.o)
                0x000029ec                __tablejump2__
 .text.libgcc.mul
                0x000029f8       0x1e m:/atmelstudio/7.0/toolchain/avr8/avr8-gnu-toolchain/bin/../lib/gcc/avr/5.4.0/avr5\libgcc.a(_umulhisi3.o)
                0x000029f8                __umulhisi3
 .text.libgcc.mul
                0x00002a16       0x16 m:/atmelstudio/7.0/toolchain/avr8/avr8-gnu-toolchain/bin/../lib/gcc/avr/5.4.0/avr5\libgcc.a(_muluhisi3.o)
                0x00002a16                __muluhisi3
 .text.libgcc.div
                0x00002a2c       0x44 m:/atmelstudio/7.0/toolchain/avr8/avr8-gnu-toolchain/bin/../lib/gcc/avr/5.4.0/avr5\libgcc.a(_udivmodsi4.o)
                0x00002a2c                __udivmodsi4
 .text.avr-libc
                0x00002a70       0x44 m:/atmelstudio/7.0/toolchain/avr8/avr8-gnu-toolchain/bin/../lib/gcc/avr/5.4.0/../../../../avr/lib/avr5\libc.a(sprintf.o)
                0x00002a70                sprintf
 .text.avr-libc
                0x00002ab4      0x3c2 m:/atmelstudio/7.0/toolchain/avr8/avr8-gnu-toolchain/bin/../lib/gcc/avr/5.4.0/../../../../avr/lib/avr5\libc.a(vfprintf_std.o)
                0x00002ab4                vfprintf
 .text.avr-libc
                0x00002e76       0x16 m:/atmelstudio/7.0/toolchain/avr8/avr8-gnu-toolchain/bin/../lib/gcc/avr/5.4.0/../../../../avr/lib/avr5\libc.a(strnlen_P.o)
                0x00002e76                strnlen_P
 .text.avr-libc
                0x00002e8c       0x16 m:/atmelstudio/7.0/toolchain/avr8/avr8-gnu-toolchain/bin/../lib/gcc/avr/5.4.0/../../../../avr/lib/avr5\libc.a(strnlen.o)
                0x00002e8c                strnlen
 .text.avr-libc
                0x00002ea2       0x78 m:/atmelstudio/7.0/toolchain/avr8/avr8-gnu-toolchain/bin/../lib/gcc/avr/5.4.0/../../../../avr/lib/avr5\libc.a(fputc.o)
                0x00002ea2                fputc
 .text.avr-libc
                0x00002f1a       0xbc m:/atmelstudio/7.0/toolchain/avr8/avr8-gnu-toolchain/bin/../lib/gcc/avr/5.4.0/../../../../avr/lib/avr5\libc.a(ultoa_invert.o)
                0x00002f1a                __ultoa_invert
 .text.libgcc.prologue
                0x00002fd6       0x38 m:/atmelstudio/7.0/toolchain/avr8/avr8-gnu-toolchain/bin/../lib/gcc/avr/5.4.0/avr5\libgcc.a(_prologue.o)
                0x00002fd6                __prologue_saves__
 .text.libgcc.prologue
                0x0000300e       0x36 m:/atmelstudio/7.0/toolchain/avr8/avr8-gnu-toolchain/bin/../lib/gcc/avr/5.4.0/avr5\libgcc.a(_epilogue.o)
                0x0000300e                __epilogue_restores__
                0x00003044                . = ALIGN (0x2)
 *(.fini9)
 .fini9         0x00003044        0x0 m:/atmelstudio/7.0/toolchain/avr8/avr8-gnu-toolchain/bin/../lib/gcc/avr/5.4.0/avr5\libgcc.a(_exit.o)
                0x00003044                _exit
                0x00003044                exit
 *(.fini9)
 *(.fini8)
 *(.fini8)
 *(.fini7)
 *(.fini7)
 *(.fini6)
 *(.fini6)
 *(.fini5)
 *(.fini5)
 *(.fini4)
 *(.fini4)
 *(.fini3)
 *(.fini3)
 *(.fini2)
 *(.fini2)
 *(.fini1)
 *(.fini1)
 *(.fini0)
 .fini0         0x00003044        0x4 m:/atmelstudio/7.0/toolchain/avr8/avr8-gnu-toolchain/bin/../lib/gcc/avr/5.4.0/avr5\libgcc.a(_exit.o)
 *(.fini0)
                0x00003048                _etext = .

.data           0x00800100       0xb6 load address 0x00003048
                0x00800100                PROVIDE (__data_start, .)
 *(.data)
 *(.data*)
 .data.g_lastOVF
                0x00800100        0x2 Millis.o
                0x00800100                g_lastOVF
 .data.LSM6DS33CustomInitData
                0x00800102        0x4 Minimu9V5.o
 .data.minimu9V5_IMUWHOMIReg
                0x00800106        0x1 Minimu9V5.o
 .data.minimu9V5_gyroZReg
                0x00800107        0x1 Minimu9V5.o
 .data.g_direction
                0x00800108        0x2 Stepper.o
 .data.VirtualSerial_CDC_Interface
                0x0080010a       0x1b VirtualSerial.o
                0x0080010a                VirtualSerial_CDC_Interface
 .data.VL6180XRangeDataLocation
                0x00800125        0x2 VL6180XDist.o
 .data.VL6180XIntClear
                0x00800127        0x3 VL6180XDist.o
 .data.VL6180XRangeResultLocation
                0x0080012a        0x2 VL6180XDist.o
 .data.addressReg
                0x0080012c        0x3 VL6180XDist.o
 .data.VL6180XCustomInitData
                0x0080012f       0x24 VL6180XDist.o
 .data.VL6180XRequiredInitData
                0x00800153       0x5a VL6180XDist.o
 *(.gnu.linkonce.d*)
 *(.rodata)
 *(.rodata*)
 .rodata.str1.1
                0x008001ad        0x9 Test.o
 *(.gnu.linkonce.r*)
                0x008001b6                . = ALIGN (0x2)
                0x008001b6                _edata = .
                0x008001b6                PROVIDE (__data_end, .)

.bss            0x008001b6      0x4b5
                0x008001b6                PROVIDE (__bss_start, .)
 *(.bss)
 *(.bss*)
 .bss.lastState.1632
                0x008001b6        0x1 Encoder.o
 .bss.g_encoders
                0x008001b7        0x8 Encoder.o
 .bss.g_lastCount
                0x008001bf        0x2 ExtInt.o
                0x008001bf                g_lastCount
 .bss.g_VL6180XCheckFlag
                0x008001c1        0x2 ExtInt.o
 .bss.size      0x008001c3        0x2 I2CInstruction.o
 .bss.r_ptr     0x008001c5        0x2 I2CInstruction.o
 .bss.w_ptr     0x008001c7        0x2 I2CInstruction.o
 .bss.g_instructions
                0x008001c9      0x3f8 I2CInstruction.o
 .bss.g_millis  0x008005c1        0x2 Millis.o
                0x008005c1                g_millis
 .bss.lastTime.2236
                0x008005c3        0x2 Minimu9V5.o
 .bss.g_heading
                0x008005c5        0x4 Minimu9V5.o
 .bss.g_distThresh
                0x008005c9        0x4 PID.o
 .bss.g_motionState
                0x008005cd        0x2 PID.o
 .bss.dataPtr.1726
                0x008005cf        0x2 I2C.o
 .bss.g_state   0x008005d1        0x1 I2C.o
 .bss.g_sensors
                0x008005d2       0x2c I2C.o
                0x008005d2                g_sensors
 .bss.r_state.1692
                0x008005fe        0x1 Stepper.o
 .bss.l_state.1682
                0x008005ff        0x1 Stepper.o
 .bss.g_diff    0x00800600        0x2 Test.o
                0x00800600                g_diff
 .bss.g_size    0x00800602        0x2 Usart.o
 .bss.g_writeBuffer
                0x00800604       0x40 Usart.o
 .bss.g_wr_Ptr  0x00800644        0x2 Usart.o
 .bss.g_r_Ptr   0x00800646        0x2 Usart.o
 .bss.failureCounter.2061
                0x00800648        0x2 VL6180XDist.o
 .bss.lastMillis.2060
                0x0080064a        0x2 VL6180XDist.o
 .bss.whoAmIRegAdd
                0x0080064c        0x2 VL6180XDist.o
 .bss.g_distances
                0x0080064e       0x10 VL6180XDist.o
 *(COMMON)
 COMMON         0x0080065e        0x3 LUFA/Drivers/USB/Core/DeviceStandardReq.o
                0x0080065e                USB_Device_ConfigurationNumber
                0x0080065f                USB_Device_CurrentlySelfPowered
                0x00800660                USB_Device_RemoteWakeupEnabled
 COMMON         0x00800661        0xa LUFA/Drivers/USB/Core/USBTask.o
                0x00800661                USB_IsInitialized
                0x00800662                USB_DeviceState
                0x00800663                USB_ControlRequest
                0x0080066b                PROVIDE (__bss_end, .)
                0x00003048                __data_load_start = LOADADDR (.data)
                0x000030fe                __data_load_end = (__data_load_start + SIZEOF (.data))

.noinit         0x0080066b        0x0
                [!provide]                PROVIDE (__noinit_start, .)
 *(.noinit*)
                [!provide]                PROVIDE (__noinit_end, .)
                0x0080066b                _end = .
                [!provide]                PROVIDE (__heap_start, .)

.eeprom         0x00810000        0x0
 *(.eeprom*)
                0x00810000                __eeprom_end = .

.fuse
 *(.fuse)
 *(.lfuse)
 *(.hfuse)
 *(.efuse)

.lock
 *(.lock*)

.signature
 *(.signature*)

.user_signatures
 *(.user_signatures*)

.stab
 *(.stab)

.stabstr
 *(.stabstr)

.stab.excl
 *(.stab.excl)

.stab.exclstr
 *(.stab.exclstr)

.stab.index
 *(.stab.index)

.stab.indexstr
 *(.stab.indexstr)

.comment        0x00000000       0x5c
 *(.comment)
 .comment       0x00000000       0x30 DCMotor.o
                                 0x31 (size before relaxing)
 .comment       0x00000030       0x31 Encoder.o
 .comment       0x00000030       0x31 ExtInt.o
 .comment       0x00000030       0x31 I2CInstruction.o
 .comment       0x00000030       0x31 Millis.o
 .comment       0x00000030       0x31 Minimu9V5.o
 .comment       0x00000030       0x31 PID.o
 .comment       0x00000030       0x31 I2C.o
 .comment       0x00000030       0x31 ShiftReg.o
 .comment       0x00000030       0x31 Stepper.o
 .comment       0x00000030       0x31 Test.o
 .comment       0x00000030       0x31 Descriptors.o
 .comment       0x00000030       0x31 LUFA/Drivers/USB/Class/Device/CDCClassDevice.o
 .comment       0x00000030       0x31 LUFA/Drivers/USB/Core/AVR8/EndpointStream_AVR8.o
 .comment       0x00000030       0x31 LUFA/Drivers/USB/Core/AVR8/Endpoint_AVR8.o
 .comment       0x00000030       0x31 LUFA/Drivers/USB/Core/AVR8/USBInterrupt_AVR8.o
 .comment       0x00000030       0x31 LUFA/Drivers/USB/Core/DeviceStandardReq.o
 .comment       0x00000030       0x31 LUFA/Drivers/USB/Core/Events.o
 .comment       0x00000030       0x31 LUFA/Drivers/USB/Core/USBTask.o
 .comment       0x00000030       0x31 Usart.o
 .comment       0x00000030       0x31 VirtualSerial.o
 .comment       0x00000030       0x31 VL6180XDist.o
 .comment       0x00000030       0x31 m:/atmelstudio/7.0/toolchain/avr8/avr8-gnu-toolchain/bin/../lib/gcc/avr/5.4.0/../../../../avr/lib/avr5\libc.a(sprintf.o)
 .comment       0x00000030       0x2c m:/atmelstudio/7.0/toolchain/avr8/avr8-gnu-toolchain/bin/../lib/gcc/avr/5.4.0/../../../../avr/lib/avr5\libc.a(vfprintf_std.o)
                                 0x2d (size before relaxing)
 .comment       0x0000005c       0x31 m:/atmelstudio/7.0/toolchain/avr8/avr8-gnu-toolchain/bin/../lib/gcc/avr/5.4.0/../../../../avr/lib/avr5\libc.a(fputc.o)

.note.gnu.avr.deviceinfo
                0x00000000       0x40
 .note.gnu.avr.deviceinfo
                0x00000000       0x40 M:/AtmelStudio/7.0/Packs/atmel/ATmega_DFP/1.3.300/gcc/dev/atmega32u4/avr5/crtatmega32u4.o

.note.gnu.build-id
 *(.note.gnu.build-id)

.debug
 *(.debug)

.line
 *(.line)

.debug_srcinfo
 *(.debug_srcinfo)

.debug_sfnames
 *(.debug_sfnames)

.debug_aranges  0x00000000      0x828
 *(.debug_aranges)
 .debug_aranges
                0x00000000       0x88 DCMotor.o
 .debug_aranges
                0x00000088       0x70 Encoder.o
 .debug_aranges
                0x000000f8       0x40 ExtInt.o
 .debug_aranges
                0x00000138       0x50 I2CInstruction.o
 .debug_aranges
                0x00000188       0x40 Millis.o
 .debug_aranges
                0x000001c8       0xc8 Minimu9V5.o
 .debug_aranges
                0x00000290       0x98 PID.o
 .debug_aranges
                0x00000328       0x88 I2C.o
 .debug_aranges
                0x000003b0       0x28 ShiftReg.o
 .debug_aranges
                0x000003d8       0xb8 Stepper.o
 .debug_aranges
                0x00000490       0x20 Test.o
 .debug_aranges
                0x000004b0       0x20 Descriptors.o
 .debug_aranges
                0x000004d0       0xb0 LUFA/Drivers/USB/Class/Device/CDCClassDevice.o
 .debug_aranges
                0x00000580       0xc8 LUFA/Drivers/USB/Core/AVR8/EndpointStream_AVR8.o
 .debug_aranges
                0x00000648       0x40 LUFA/Drivers/USB/Core/AVR8/Endpoint_AVR8.o
 .debug_aranges
                0x00000688       0x38 LUFA/Drivers/USB/Core/AVR8/USBInterrupt_AVR8.o
 .debug_aranges
                0x000006c0       0x20 LUFA/Drivers/USB/Core/DeviceStandardReq.o
 .debug_aranges
                0x000006e0       0x30 LUFA/Drivers/USB/Core/Events.o
 .debug_aranges
                0x00000710       0x20 LUFA/Drivers/USB/Core/USBTask.o
 .debug_aranges
                0x00000730       0x50 Usart.o
 .debug_aranges
                0x00000780       0x50 VirtualSerial.o
 .debug_aranges
                0x000007d0       0x58 VL6180XDist.o

.debug_pubnames
 *(.debug_pubnames)

.debug_info     0x00000000     0x98d2
 *(.debug_info .gnu.linkonce.wi.*)
 .debug_info    0x00000000      0x9f4 M:/AtmelStudio/7.0/Packs/atmel/ATmega_DFP/1.3.300/gcc/dev/atmega32u4/avr5/crtatmega32u4.o
 .debug_info    0x000009f4      0x392 DCMotor.o
 .debug_info    0x00000d86      0x281 Encoder.o
 .debug_info    0x00001007      0x12f ExtInt.o
 .debug_info    0x00001136      0x220 I2CInstruction.o
 .debug_info    0x00001356      0x103 Millis.o
 .debug_info    0x00001459      0xc40 Minimu9V5.o
 .debug_info    0x00002099      0x87b PID.o
 .debug_info    0x00002914      0x609 I2C.o
 .debug_info    0x00002f1d      0x228 ShiftReg.o
 .debug_info    0x00003145      0x4e0 Stepper.o
 .debug_info    0x00003625      0x5c0 Test.o
 .debug_info    0x00003be5      0x7b7 Descriptors.o
 .debug_info    0x0000439c     0x104a LUFA/Drivers/USB/Class/Device/CDCClassDevice.o
 .debug_info    0x000053e6     0x17b1 LUFA/Drivers/USB/Core/AVR8/EndpointStream_AVR8.o
 .debug_info    0x00006b97      0x618 LUFA/Drivers/USB/Core/AVR8/Endpoint_AVR8.o
 .debug_info    0x000071af      0x7e7 LUFA/Drivers/USB/Core/AVR8/USBInterrupt_AVR8.o
 .debug_info    0x00007996      0xa72 LUFA/Drivers/USB/Core/DeviceStandardReq.o
 .debug_info    0x00008408       0xde LUFA/Drivers/USB/Core/Events.o
 .debug_info    0x000084e6      0x272 LUFA/Drivers/USB/Core/USBTask.o
 .debug_info    0x00008758      0x1f2 Usart.o
 .debug_info    0x0000894a      0x5bf VirtualSerial.o
 .debug_info    0x00008f09      0x9c9 VL6180XDist.o

.debug_abbrev   0x00000000     0x2e3a
 *(.debug_abbrev)
 .debug_abbrev  0x00000000      0x96a M:/AtmelStudio/7.0/Packs/atmel/ATmega_DFP/1.3.300/gcc/dev/atmega32u4/avr5/crtatmega32u4.o
 .debug_abbrev  0x0000096a      0x180 DCMotor.o
 .debug_abbrev  0x00000aea      0x187 Encoder.o
 .debug_abbrev  0x00000c71       0xcf ExtInt.o
 .debug_abbrev  0x00000d40       0xf8 I2CInstruction.o
 .debug_abbrev  0x00000e38       0x90 Millis.o
 .debug_abbrev  0x00000ec8      0x179 Minimu9V5.o
 .debug_abbrev  0x00001041      0x16d PID.o
 .debug_abbrev  0x000011ae      0x223 I2C.o
 .debug_abbrev  0x000013d1       0xfe ShiftReg.o
 .debug_abbrev  0x000014cf      0x1ed Stepper.o
 .debug_abbrev  0x000016bc      0x1f4 Test.o
 .debug_abbrev  0x000018b0      0x150 Descriptors.o
 .debug_abbrev  0x00001a00      0x3fc LUFA/Drivers/USB/Class/Device/CDCClassDevice.o
 .debug_abbrev  0x00001dfc      0x1ea LUFA/Drivers/USB/Core/AVR8/EndpointStream_AVR8.o
 .debug_abbrev  0x00001fe6      0x233 LUFA/Drivers/USB/Core/AVR8/Endpoint_AVR8.o
 .debug_abbrev  0x00002219      0x213 LUFA/Drivers/USB/Core/AVR8/USBInterrupt_AVR8.o
 .debug_abbrev  0x0000242c      0x2ad LUFA/Drivers/USB/Core/DeviceStandardReq.o
 .debug_abbrev  0x000026d9       0x99 LUFA/Drivers/USB/Core/Events.o
 .debug_abbrev  0x00002772      0x16b LUFA/Drivers/USB/Core/USBTask.o
 .debug_abbrev  0x000028dd      0x151 Usart.o
 .debug_abbrev  0x00002a2e      0x23b VirtualSerial.o
 .debug_abbrev  0x00002c69      0x1d1 VL6180XDist.o

.debug_line     0x00000000     0x5b7a
 *(.debug_line .debug_line.* .debug_line_end)
 .debug_line    0x00000000      0x199 M:/AtmelStudio/7.0/Packs/atmel/ATmega_DFP/1.3.300/gcc/dev/atmega32u4/avr5/crtatmega32u4.o
 .debug_line    0x00000199      0x289 DCMotor.o
 .debug_line    0x00000422      0x252 Encoder.o
 .debug_line    0x00000674      0x104 ExtInt.o
 .debug_line    0x00000778      0x1de I2CInstruction.o
 .debug_line    0x00000956      0x104 Millis.o
 .debug_line    0x00000a5a      0x3b2 Minimu9V5.o
 .debug_line    0x00000e0c      0x42c PID.o
 .debug_line    0x00001238      0x381 I2C.o
 .debug_line    0x000015b9      0x180 ShiftReg.o
 .debug_line    0x00001739      0x496 Stepper.o
 .debug_line    0x00001bcf      0x32c Test.o
 .debug_line    0x00001efb      0x21e Descriptors.o
 .debug_line    0x00002119      0x940 LUFA/Drivers/USB/Class/Device/CDCClassDevice.o
 .debug_line    0x00002a59     0x1801 LUFA/Drivers/USB/Core/AVR8/EndpointStream_AVR8.o
 .debug_line    0x0000425a      0x512 LUFA/Drivers/USB/Core/AVR8/Endpoint_AVR8.o
 .debug_line    0x0000476c      0x508 LUFA/Drivers/USB/Core/AVR8/USBInterrupt_AVR8.o
 .debug_line    0x00004c74      0x4ba LUFA/Drivers/USB/Core/DeviceStandardReq.o
 .debug_line    0x0000512e       0xbc LUFA/Drivers/USB/Core/Events.o
 .debug_line    0x000051ea      0x177 LUFA/Drivers/USB/Core/USBTask.o
 .debug_line    0x00005361      0x1d9 Usart.o
 .debug_line    0x0000553a      0x2bc VirtualSerial.o
 .debug_line    0x000057f6      0x384 VL6180XDist.o

.debug_frame    0x00000000     0x1860
 *(.debug_frame)
 .debug_frame   0x00000000      0x100 DCMotor.o
 .debug_frame   0x00000100      0x120 Encoder.o
 .debug_frame   0x00000220       0xac ExtInt.o
 .debug_frame   0x000002cc       0xb8 I2CInstruction.o
 .debug_frame   0x00000384       0x78 Millis.o
 .debug_frame   0x000003fc      0x264 Minimu9V5.o
 .debug_frame   0x00000660      0x188 PID.o
 .debug_frame   0x000007e8      0x13c I2C.o
 .debug_frame   0x00000924       0x34 ShiftReg.o
 .debug_frame   0x00000958      0x1f4 Stepper.o
 .debug_frame   0x00000b4c       0x34 Test.o
 .debug_frame   0x00000b80       0x24 Descriptors.o
 .debug_frame   0x00000ba4      0x1a0 LUFA/Drivers/USB/Class/Device/CDCClassDevice.o
 .debug_frame   0x00000d44      0x618 LUFA/Drivers/USB/Core/AVR8/EndpointStream_AVR8.o
 .debug_frame   0x0000135c       0xdc LUFA/Drivers/USB/Core/AVR8/Endpoint_AVR8.o
 .debug_frame   0x00001438      0x100 LUFA/Drivers/USB/Core/AVR8/USBInterrupt_AVR8.o
 .debug_frame   0x00001538       0x40 LUFA/Drivers/USB/Core/DeviceStandardReq.o
 .debug_frame   0x00001578       0x44 LUFA/Drivers/USB/Core/Events.o
 .debug_frame   0x000015bc       0x2c LUFA/Drivers/USB/Core/USBTask.o
 .debug_frame   0x000015e8       0xf8 Usart.o
 .debug_frame   0x000016e0       0x84 VirtualSerial.o
 .debug_frame   0x00001764       0xfc VL6180XDist.o

.debug_str      0x00000000     0x32e1
 *(.debug_str)
 .debug_str     0x00000000      0x371 M:/AtmelStudio/7.0/Packs/atmel/ATmega_DFP/1.3.300/gcc/dev/atmega32u4/avr5/crtatmega32u4.o
 .debug_str     0x00000371      0x22c DCMotor.o
                                0x260 (size before relaxing)
 .debug_str     0x0000059d       0xe1 Encoder.o
                                0x267 (size before relaxing)
 .debug_str     0x0000067e       0x7e ExtInt.o
                                0x1f7 (size before relaxing)
 .debug_str     0x000006fc       0xdc I2CInstruction.o
                                0x25a (size before relaxing)
 .debug_str     0x000007d8       0x54 Millis.o
                                0x1c3 (size before relaxing)
 .debug_str     0x0000082c      0x2c4 Minimu9V5.o
                                0x461 (size before relaxing)
 .debug_str     0x00000af0      0x1b7 PID.o
                                0x38f (size before relaxing)
 .debug_str     0x00000ca7      0x152 I2C.o
                                0x376 (size before relaxing)
 .debug_str     0x00000df9       0x6c ShiftReg.o
                                0x1d8 (size before relaxing)
 .debug_str     0x00000e65      0x1ba Stepper.o
                                0x34c (size before relaxing)
 .debug_str     0x0000101f      0x139 Test.o
                                0x40a (size before relaxing)
 .debug_str     0x00001158      0x983 Descriptors.o
                                0xb6c (size before relaxing)
 .debug_str     0x00001adb      0x84c LUFA/Drivers/USB/Class/Device/CDCClassDevice.o
                                0xa79 (size before relaxing)
 .debug_str     0x00002327      0x3a7 LUFA/Drivers/USB/Core/AVR8/EndpointStream_AVR8.o
                                0x84a (size before relaxing)
 .debug_str     0x000026ce      0x1bd LUFA/Drivers/USB/Core/AVR8/Endpoint_AVR8.o
                                0x60a (size before relaxing)
 .debug_str     0x0000288b      0x2dc LUFA/Drivers/USB/Core/AVR8/USBInterrupt_AVR8.o
                                0x5c8 (size before relaxing)
 .debug_str     0x00002b67      0x48c LUFA/Drivers/USB/Core/DeviceStandardReq.o
                                0x999 (size before relaxing)
 .debug_str     0x00002ff3       0x53 LUFA/Drivers/USB/Core/Events.o
                                0x1b8 (size before relaxing)
 .debug_str     0x00003046       0x51 LUFA/Drivers/USB/Core/USBTask.o
                                0x36f (size before relaxing)
 .debug_str     0x00003097       0x87 Usart.o
                                0x23e (size before relaxing)
 .debug_str     0x0000311e       0x98 VirtualSerial.o
                                0x564 (size before relaxing)
 .debug_str     0x000031b6      0x12b VL6180XDist.o
                                0x418 (size before relaxing)

.debug_loc      0x00000000     0x68ce
 *(.debug_loc)
 .debug_loc     0x00000000      0x282 DCMotor.o
 .debug_loc     0x00000282      0x185 Encoder.o
 .debug_loc     0x00000407       0xcb ExtInt.o
 .debug_loc     0x000004d2      0x184 I2CInstruction.o
 .debug_loc     0x00000656       0x49 Millis.o
 .debug_loc     0x0000069f      0x76d Minimu9V5.o
 .debug_loc     0x00000e0c      0x5f4 PID.o
 .debug_loc     0x00001400      0x4cb I2C.o
 .debug_loc     0x000018cb      0x1bb ShiftReg.o
 .debug_loc     0x00001a86      0x3f1 Stepper.o
 .debug_loc     0x00001e77      0x190 Test.o
 .debug_loc     0x00002007      0x226 Descriptors.o
 .debug_loc     0x0000222d      0xa50 LUFA/Drivers/USB/Class/Device/CDCClassDevice.o
 .debug_loc     0x00002c7d     0x298f LUFA/Drivers/USB/Core/AVR8/EndpointStream_AVR8.o
 .debug_loc     0x0000560c      0x593 LUFA/Drivers/USB/Core/AVR8/Endpoint_AVR8.o
 .debug_loc     0x00005b9f      0x428 LUFA/Drivers/USB/Core/AVR8/USBInterrupt_AVR8.o
 .debug_loc     0x00005fc7      0x2ed LUFA/Drivers/USB/Core/DeviceStandardReq.o
 .debug_loc     0x000062b4       0x49 LUFA/Drivers/USB/Core/USBTask.o
 .debug_loc     0x000062fd      0x21d Usart.o
 .debug_loc     0x0000651a       0x28 VirtualSerial.o
 .debug_loc     0x00006542      0x38c VL6180XDist.o

.debug_macinfo
 *(.debug_macinfo)

.debug_weaknames
 *(.debug_weaknames)

.debug_funcnames
 *(.debug_funcnames)

.debug_typenames
 *(.debug_typenames)

.debug_varnames
 *(.debug_varnames)

.debug_pubtypes
 *(.debug_pubtypes)

.debug_ranges   0x00000000     0x1128
 *(.debug_ranges)
 .debug_ranges  0x00000000       0x78 DCMotor.o
 .debug_ranges  0x00000078       0x60 Encoder.o
 .debug_ranges  0x000000d8       0x30 ExtInt.o
 .debug_ranges  0x00000108       0x40 I2CInstruction.o
 .debug_ranges  0x00000148       0x30 Millis.o
 .debug_ranges  0x00000178       0xb8 Minimu9V5.o
 .debug_ranges  0x00000230       0x88 PID.o
 .debug_ranges  0x000002b8       0x78 I2C.o
 .debug_ranges  0x00000330       0x18 ShiftReg.o
 .debug_ranges  0x00000348       0xa8 Stepper.o
 .debug_ranges  0x000003f0       0x28 Test.o
 .debug_ranges  0x00000418       0x10 Descriptors.o
 .debug_ranges  0x00000428       0xa0 LUFA/Drivers/USB/Class/Device/CDCClassDevice.o
 .debug_ranges  0x000004c8      0x928 LUFA/Drivers/USB/Core/AVR8/EndpointStream_AVR8.o
 .debug_ranges  0x00000df0      0x190 LUFA/Drivers/USB/Core/AVR8/Endpoint_AVR8.o
 .debug_ranges  0x00000f80       0x28 LUFA/Drivers/USB/Core/AVR8/USBInterrupt_AVR8.o
 .debug_ranges  0x00000fa8       0x58 LUFA/Drivers/USB/Core/DeviceStandardReq.o
 .debug_ranges  0x00001000       0x20 LUFA/Drivers/USB/Core/Events.o
 .debug_ranges  0x00001020       0x10 LUFA/Drivers/USB/Core/USBTask.o
 .debug_ranges  0x00001030       0x40 Usart.o
 .debug_ranges  0x00001070       0x40 VirtualSerial.o
 .debug_ranges  0x000010b0       0x78 VL6180XDist.o

.debug_macro
 *(.debug_macro)
OUTPUT(AdafruitDistTest1.elf elf32-avr)
LOAD linker stubs
